[apecmandalakimboi.apecgroup.net/index.html]
[backblue.gif]
[fade.gif]
[index.html]
[mandalahotel.com.vn/assets/img/seo.0.delayed]
[apecmandalakimboi.apecgroup.net/assets/css/bootstrap.min.css]
[apecmandalakimboi.apecgroup.net/assets/css/animate.min.css]
[apecmandalakimboi.apecgroup.net/assets/css/slick.css]
[apecmandalakimboi.apecgroup.net/assets/css/sweetalert.css]
[apecmandalakimboi.apecgroup.net/assets/css/style.css]
[cdnjs.cloudflare.com/ajax/libs/font-awesome/5.13.1/css/all.min.css]
[apecmandalakimboi.apecgroup.net/assets/images/phone.png]
[apecmandalakimboi.apecgroup.net/assets/images/scroll.png]
[apecmandalakimboi.apecgroup.net/assets/images/logo.png]
[apecmandalakimboi.apecgroup.net/assets/images/bgr1.png]
[apecmandalakimboi.apecgroup.net/assets/images/bgr2.png]
[apecmandalakimboi.apecgroup.net/assets/images/bgr3.png]
[apecmandalakimboi.apecgroup.net/assets/images/loc1.png]
[apecmandalakimboi.apecgroup.net/assets/images/bgrbottom.png]
[apecmandalakimboi.apecgroup.net/assets/images/bgrslide.jpg]
[apecmandalakimboi.apecgroup.net/assets/images/1. Sky Roman Fall.jpg]
[apecmandalakimboi.apecgroup.net/assets/images/2. 2_KBHB_Condotel_Sanvuon_210406.jpg]
[apecmandalakimboi.apecgroup.net/assets/images/3. KBHB_PCTI_BeBoi_fr2_OP2.jpg]
[apecmandalakimboi.apecgroup.net/assets/images/4. Lasen Treatment Spa.jpg]
[apecmandalakimboi.apecgroup.net/assets/images/6. KBHB_NhaHoiNghi_ViewTamMatHoiNghi_Op2.jpg]
[apecmandalakimboi.apecgroup.net/assets/images/imgslide11.jpg]
[apecmandalakimboi.apecgroup.net/assets/images/5. KBHB_PCTI_Condoltel_VuonLaHan.jpg]
[apecmandalakimboi.apecgroup.net/assets/images/1. Sky Villas View.jpg]
[apecmandalakimboi.apecgroup.net/assets/images/Villa - view 1.jpg]
[apecmandalakimboi.apecgroup.net/assets/images/2.Mandala Signature Hotel.jpg]
[apecmandalakimboi.apecgroup.net/assets/images/Villa - view 2.jpg]
[apecmandalakimboi.apecgroup.net/assets/images/Sky Villa_Ná»i tháº¥t minh há»a (Bowmore).22.delayed]
[apecmandalakimboi.apecgroup.net/assets/images/lalefttop.png]
[apecmandalakimboi.apecgroup.net/assets/images/laright.png]
[apecmandalakimboi.apecgroup.net/assets/images/Villa - view 4.jpg]
[apecmandalakimboi.apecgroup.net/assets/images/laleftbot.png]
[apecmandalakimboi.apecgroup.net/assets/images/3. Anamia Villas.jpg]
[apecmandalakimboi.apecgroup.net/assets/images/Villa - view 3.jpg]
[apecmandalakimboi.apecgroup.net/assets/images/room Bowmore.jpg]
[apecmandalakimboi.apecgroup.net/assets/images/roomHighland park.jpg]
[apecmandalakimboi.apecgroup.net/assets/images/roomMacallan.jpg]
[apecmandalakimboi.apecgroup.net/assets/images/news1.jpg]
[apecmandalakimboi.apecgroup.net/assets/images/CH04A - Bowmore.jpg]
[apecmandalakimboi.apecgroup.net/assets/images/news2.jpg]
[apecmandalakimboi.apecgroup.net/assets/images/imgnews8.jpg]
[apecmandalakimboi.apecgroup.net/assets/images/imgNews.jpg]
[apecmandalakimboi.apecgroup.net/assets/images/imgnews2.jpg]
[apecmandalakimboi.apecgroup.net/assets/images/imgnews3.jpg]
[apecmandalakimboi.apecgroup.net/assets/images/CH17 - Macallan.jpg]
[apecmandalakimboi.apecgroup.net/assets/images/imgnew4.jpg]
[apecmandalakimboi.apecgroup.net/assets/images/imgnews5.jpg]
[apecmandalakimboi.apecgroup.net/assets/images/imgnews7.jpg]
[apecmandalakimboi.apecgroup.net/assets/images/imgnews6.jpg]
[apecmandalakimboi.apecgroup.net/assets/images/apec.png]
[apecmandalakimboi.apecgroup.net/assets/images/larightBot.png]
[apecmandalakimboi.apecgroup.net/assets/images/cenhomes.png]
[apecmandalakimboi.apecgroup.net/assets/images/kume.png]
[apecmandalakimboi.apecgroup.net/assets/images/fuhuc.png]
[apecmandalakimboi.apecgroup.net/assets/images/mandala.png]
[apecmandalakimboi.apecgroup.net/assets/js/jquery-3.5.1.min.js]
[apecmandalakimboi.apecgroup.net/assets/js/bootstrap.min.js]
[apecmandalakimboi.apecgroup.net/assets/js/slick.min.js]
[apecmandalakimboi.apecgroup.net/assets/images/CH31 - Highland park.jpg]
[apecmandalakimboi.apecgroup.net/assets/js/sweetalert.min.js]
[apecmandalakimboi.apecgroup.net/assets/images/imgRes.jpg]
[apecmandalakimboi.apecgroup.net/assets/js/script.js]
[apecmandalakimboi.apecgroup.net/index.html]
[mandalahotel.com.vn/assets/img/seo.html]
[cdnjs.cloudflare.com/ajax/libs/font-awesome/5.13.1/css/all.min.css]
[apecmandalakimboi.apecgroup.net/assets/css/bootstrap.min.css]
[apecmandalakimboi.apecgroup.net/assets/css/animate.min.css]
[apecmandalakimboi.apecgroup.net/assets/css/slick.css]
[apecmandalakimboi.apecgroup.net/assets/css/sweetalert.css]
[apecmandalakimboi.apecgroup.net/thank-you.html]
[apecmandalakimboi.apecgroup.net/assets/font/PlayfairDisplay-Medium.ttf]
[apecmandalakimboi.apecgroup.net/assets/font/PlayfairDisplaySC-Regular.ttf]
[apecmandalakimboi.apecgroup.net/assets/images/news3.png]
[apecmandalakimboi.apecgroup.net/assets/font/Montserrat-Light.ttf]
[apecmandalakimboi.apecgroup.net/assets/font/Montserrat-Medium.ttf]
[apecmandalakimboi.apecgroup.net/assets/font/Montserrat-SemiBold_0.ttf]
[apecmandalakimboi.apecgroup.net/assets/images/bgrabout.jpg]
[apecmandalakimboi.apecgroup.net/assets/images/bgrtongquan.png]
[apecmandalakimboi.apecgroup.net/assets/images/bgrmay.png]
[apecmandalakimboi.apecgroup.net/assets/images/bgrheader.png]
[apecmandalakimboi.apecgroup.net/assets/images/bgrmayslide.png]
[apecmandalakimboi.apecgroup.net/assets/images/bgrRes.jpg]
[apecmandalakimboi.apecgroup.net/assets/images/bgrbutton.png]
[apecmandalakimboi.apecgroup.net/assets/css/style.css]
[www.googletagmanager.com/gtm5445.html]
[apecmandalakimboi.apecgroup.net/assets/images/bgrvitri.png]
[apecmandalakimboi.apecgroup.net/assets/images/bgrsldiebt.png]
[apecmandalakimboi.apecgroup.net/assets/images/banner.jpg]
[apecmandalakimboi.apecgroup.net/assets/images/Sky Villa_Ná»i tháº¥t minh há»a (Bowmore).html]
[apecmandalakimboi.apecgroup.net/thank-you.html]
[apecmandalakimboi.apecgroup.net/assets/images/bgrSLidemobile.png]
[apecmandalakimboi.apecgroup.net/assets/images/imgAbout.png]
[apecmandalakimboi.apecgroup.net/assets/images/imgTongquan_white.png]
